<html>
<body>
<pre>
<h1>µVision Build Log</h1>
<h2>Tool Versions:</h2>
IDE-Version: µVision V5.31.0.0
Copyright (C) 2020 ARM Ltd and ARM Germany GmbH. All rights reserved.
License Information: William Pickering, UCI, LIC=----
 
Tool Versions:
Toolchain:       MDK-Lite  Version: 5.31.0.0
Toolchain Path:  G:\Program Files\ARM\Keil_v5\ARM\ARMCC\Bin
C Compiler:      Armcc.exe V5.06 update 6 (build 750)
Assembler:       Armasm.exe V5.06 update 6 (build 750)
Linker/Locator:  ArmLink.exe V5.06 update 6 (build 750)
Library Manager: ArmAr.exe V5.06 update 6 (build 750)
Hex Converter:   FromElf.exe V5.06 update 6 (build 750)
CPU DLL:         SARMCM3.DLL V5.31.0.0
Dialog DLL:      DCM.DLL V1.17.3.0
Target DLL:      STLink\ST-LINKIII-KEIL_SWO.dll V3.0.7.0
Dialog DLL:      TCM.DLL V1.46.0.0
 
<h2>Project:</h2>
C:\safe file\Projects\STM32\CheapStick\MDK-ARM\CheapStick.uvprojx
Project File Date:  05/01/2022

<h2>Output:</h2>
*** Using Compiler 'V5.06 update 6 (build 750)', folder: 'G:\Program Files\ARM\Keil_v5\ARM\ARMCC\Bin'
Build target 'CheapStick'
compiling SX126x.c...
..\Core\Src\SX126x.c(108): warning:  #174-D: expression has no effect
                    (SX126X_IRQ_RX_DONE | SX126X_IRQ_TX_DONE, SX126X_IRQ_TIMEOUT), //interrupts on DIO1
..\Core\Src\SX126x.c(216): warning:  #188-D: enumerated type mixed with another type
  	HAL_GPIO_WritePin(mainRadio.SX126x_RESET.port,mainRadio.SX126x_RESET.pin,0);
..\Core\Src\SX126x.c(218): warning:  #188-D: enumerated type mixed with another type
  	HAL_GPIO_WritePin(mainRadio.SX126x_RESET.port,mainRadio.SX126x_RESET.pin,1);
..\Core\Src\SX126x.c(786): warning:  #188-D: enumerated type mixed with another type
  		HAL_GPIO_WritePin(mainRadio.SX126x_SPI_SELECT.port,mainRadio.SX126x_SPI_SELECT.pin,0);
..\Core\Src\SX126x.c(797): warning:  #188-D: enumerated type mixed with another type
  		HAL_GPIO_WritePin(mainRadio.SX126x_SPI_SELECT.port,mainRadio.SX126x_SPI_SELECT.pin,1);
..\Core\Src\SX126x.c(825): warning:  #188-D: enumerated type mixed with another type
  	HAL_GPIO_WritePin(mainRadio.SX126x_SPI_SELECT.port,mainRadio.SX126x_SPI_SELECT.pin,0);
..\Core\Src\SX126x.c(834): warning:  #188-D: enumerated type mixed with another type
  	HAL_GPIO_WritePin(mainRadio.SX126x_SPI_SELECT.port,mainRadio.SX126x_SPI_SELECT.pin,1);
..\Core\Src\SX126x.c(850): warning:  #188-D: enumerated type mixed with another type
  	HAL_GPIO_WritePin(mainRadio.SX126x_SPI_SELECT.port,mainRadio.SX126x_SPI_SELECT.pin,0);
..\Core\Src\SX126x.c(859): warning:  #188-D: enumerated type mixed with another type
  	HAL_GPIO_WritePin(mainRadio.SX126x_SPI_SELECT.port,mainRadio.SX126x_SPI_SELECT.pin,1);
..\Core\Src\SX126x.c(875): warning:  #188-D: enumerated type mixed with another type
  	HAL_GPIO_WritePin(mainRadio.SX126x_SPI_SELECT.port,mainRadio.SX126x_SPI_SELECT.pin,0);
..\Core\Src\SX126x.c(886): warning:  #188-D: enumerated type mixed with another type
  	HAL_GPIO_WritePin(mainRadio.SX126x_SPI_SELECT.port,mainRadio.SX126x_SPI_SELECT.pin,1);
..\Core\Src\SX126x.c: 11 warnings, 0 errors
linking...
Program Size: Code=13042 RO-data=466 RW-data=60 ZI-data=2572  
FromELF: creating hex file...
"CheapStick\CheapStick.axf" - 0 Error(s), 11 Warning(s).

<h2>Software Packages used:</h2>

Package Vendor: ARM
                http://www.keil.com/pack/ARM.CMSIS.5.7.0.pack
                ARM.CMSIS.5.7.0
                CMSIS (Cortex Microcontroller Software Interface Standard)
   * Component: CORE Version: 5.4.0

Package Vendor: Keil
                http://www.keil.com/pack/Keil.STM32F4xx_DFP.2.14.0.pack
                Keil.STM32F4xx_DFP.2.14.0
                STMicroelectronics STM32F4 Series Device Support, Drivers and Examples

<h2>Collection of Component include folders:</h2>
  .\RTE\_CheapStick
  C:\Users\willi\AppData\Local\Arm\Packs\ARM\CMSIS\5.7.0\CMSIS\Core\Include
  C:\Users\willi\AppData\Local\Arm\Packs\Keil\STM32F4xx_DFP\2.14.0\Drivers\CMSIS\Device\ST\STM32F4xx\Include

<h2>Collection of Component Files used:</h2>

   * Component: ARM::CMSIS:CORE:5.4.0
      Include file:  CMSIS\Core\Include\tz_context.h
Build Time Elapsed:  00:00:02
</pre>
</body>
</html>
